core_cm4.h:2064:26:ITM_SendChar	16	static,ignoring_inline_asm
main.c:308:5:_write	32	static
main.c:338:19:Read_Temperature	40	static
main.c:397:6:Set_Fan_Speed	24	static
main.c:437:6:Set_LED	16	static
main.c:475:6:Thermal_Control	32	static
main.c:566:19:Wait_Power_Good	24	static
main.c:613:6:Power_On_Sequence	16	static
main.c:699:6:Set_Fault	16	static
main.c:753:6:Add_Event_Log	24	static
main.c:767:6:Dump_Event_Log	40	static
main.c:811:13:Get_Fault_String	16	static
main.c:830:13:Get_State_String	16	static
main.c:847:5:main	32	static
main.c:1051:6:SystemClock_Config	88	static
main.c:1092:13:MX_I2C1_Init	8	static
main.c:1121:13:MX_TIM1_Init	80	static
main.c:1184:13:MX_GPIO_Init	40	static
main.c:1228:6:Error_Handler	4	static,ignoring_inline_asm
